[00m[01;34mApplications[00m/
[01;34mApplications (Mac OS 9)[00m/
[00mDesktop DB[00m
[00mDesktop DF[00m
[01;34mDesktop Folder[00m/
[01;34mDeveloper[00m/
[01;34mLibrary[00m/
[01;34mNetwork[00m/
[01;34mSystem[00m/
[01;34mSystem Folder[00m/
[01;34mTheFindByContentFolder[00m/
[01;34mTheVolumeSettingsFolder[00m/
[01;34mUsers[00m/
[01;34mVolumes[00m/
[01;34mautomount[00m/
[01;34mbin[00m/
[01;34mcores[00m/
[01;34mdev[00m/
[01;36metc[00m@
[01;32miNode81229126[00m*
[01;36mmach[00m@
[00mmach.sym[00m
[00mmach_kernel[00m
[01;34mprivate[00m/
[01;34msbin[00m/
[01;34msw[00m/
[01;36mtmp[00m@
[01;34musr[00m/
[01;36mvar[00m@
[m