Applications
Applications (Mac OS 9)
Desktop DB
Desktop DF
Desktop Folder
Developer
Library
Network
System
System Folder
TheFindByContentFolder
TheVolumeSettingsFolder
Users
Volumes
automount
bin
cores
dev
etc
iNode81229126
mach
mach.sym
mach_kernel
private
sbin
sw
tmp
usr
var
